{ numFaces: 1,
  faceIndex: 0,
  faceFlags: 2649,
  styleFlags: 0,
  numGlyphs: 30890,
  familyName: 'Noto Sans S Chinese',
  styleName: 'Thin',
  numFixedSizes: 0,
  numCharmaps: 4,
  unitsPerEM: 1000,
  ascender: 880,
  descender: -120,
  height: 1500,
  maxAdvanceWidth: 3000,
  maxAdvanceHeight: 1500,
  underlinePosition: -150,
  underlineThickness: 50,
  outlinesFormat: 'truetype' }
